// Jest Snapshot v1, https://goo.gl/fbAQLP

exports[`App should match snapshot 1`] = `
<Switch>
  <div
    className="App"
  >
    <img
      alt="aerial view of a cirty with scyscrapers"
      className="result-background"
      src="https://wallpapercave.com/wp/wp3594884.jpg"
    />
    <Header />
    <Route
      exact={true}
      path="/"
      render={[Function]}
    />
    <Route
      component={
        Object {
          "$$typeof": Symbol(react.memo),
          "WrappedComponent": [Function],
          "compare": null,
          "displayName": "Connect(ResultsPage)",
          "type": [Function],
        }
      }
      exact={true}
      path="/results"
    />
    <Route
      component={[Function]}
      path="/cities"
    />
    <Route
      exact={true}
      path="/job/:id"
      render={[Function]}
    />
  </div>
</Switch>
`;
